[linkaexpress.com/index.html]
[backblue.gif]
[fade.gif]
[index.html]
[linkaexpress.com/favicon.ico]
[linkaexpress.com/index-2.html]
[linkaexpress.com/images/logo.jpg]
[linkaexpress.com/about.html]
[linkaexpress.com/services.html]
[linkaexpress.com/track.html]
[linkaexpress.com/contact.html]
[linkaexpress.com/track-2.html]
[linkaexpress.com/images/t1.jpg]
[linkaexpress.com/images/t2.jpg]
[linkaexpress.com/images/t3.jpg]
[linkaexpress.com/images/logo1.jpg]
[linkaexpress.com/images/logo2.jpg]
[linkaexpress.com/images/logo3.jpg]
[linkaexpress.com/images/logo5.jpg]
[linkaexpress.com/images/logo6.jpg]
[linkaexpress.com/images/logo7.jpg]
[linkaexpress.com/images/logo8.jpg]
[linkaexpress.com/js/jquery-2.2.3.min.js]
[linkaexpress.com/js/responsiveslides.min.js]
[linkaexpress.com/js/jquery.flexslider.js]
[linkaexpress.com/js/move-top.js]
[linkaexpress.com/js/easing.js]
[linkaexpress.com/index.html]
[linkaexpress.com/js/bootstrap.js]
[linkaexpress.com/fonts/glyphicons-halflings-regular.woff2]
[linkaexpress.com/fonts/glyphicons-halflings-regular.woff]
[linkaexpress.com/css/bootstrap.css]
[linkaexpress.com/images/b1.jpg]
[linkaexpress.com/images/b2.jpg]
[linkaexpress.com/images/b3.jpg]
[linkaexpress.com/images/left-arrow.png]
[linkaexpress.com/images/right-arrow.png]
[linkaexpress.com/images/ain1.jpg]
[linkaexpress.com/images/a2.jpg]
[linkaexpress.com/images/a3.jpg]
[linkaexpress.com/images/a4.jpg]
[linkaexpress.com/images/s1.jpg]
[linkaexpress.com/images/bb1.jpg]
[linkaexpress.com/images/bb2.jpg]
[linkaexpress.com/css/style.css]
[linkaexpress.com/images/arrow.png]
[linkaexpress.com/fonts/fontawesome-webfont3e6e.eot]
[linkaexpress.com/fonts/fontawesome-webfontd41d.eot]
[linkaexpress.com/fonts/fontawesome-webfont3e6e.woff2]
[linkaexpress.com/fonts/fontawesome-webfont3e6e.woff]
[linkaexpress.com/fonts/fontawesome-webfont3e6e.ttf]
[linkaexpress.com/css/font-awesome.min.css]
[linkaexpress.com/css/flexslider.css]
[linkaexpress.com/index-2.html]
[linkaexpress.com/js/jquery.waypoints.min.js]
[linkaexpress.com/about.html]
[linkaexpress.com/services.html]
[linkaexpress.com/track.html]
[linkaexpress.com/contact.html]
[linkaexpress.com/track-2.html]
[linkaexpress.com/index-3.html]
[linkaexpress.com/fonts/glyphicons-halflings-regular.html]
[linkaexpress.com/fonts/glyphicons-halflings-regulard41d.html]
[linkaexpress.com/fonts/glyphicons-halflings-regular-2.html]
[linkaexpress.com/fonts/glyphicons-halflings-regular-3.html]
[linkaexpress.com/images/pr1.html]
[linkaexpress.com/fonts/fontawesome-webfont3e6e.svg]
[linkaexpress.com/js/jquery.countup.js]
